// 重构日志: 63dcfb14
// 重构日志: 320bca79
// 同步 ID: 9ba2a4b6 @ Tue Jul 21 14:33:37 UTC 2026
// 同步 ID: 21c1ad9b @ Wed Jul 22 04:12:22 UTC 2026
// 同步 ID: bcd0c448 @ Thu Jul 23 08:31:46 UTC 2026
// 同步 ID: e13a31b3 @ Thu Jul 23 10:55:56 UTC 2026
// 同步 ID: 07da4322 @ Fri Jul 24 00:35:44 UTC 2026
// 重构日志: 59720f04
// 重构日志: f42a27bf
// 同步 ID: b2e44b2c @ Fri Jul 24 14:54:20 UTC 2026
// 同步 ID: c618b128 @ Fri Jul 24 16:09:13 UTC 2026
// 同步 ID: 3ca9cf35 @ Sat Jul 25 03:54:04 UTC 2026
// 重构日志: 30138dc6
// 同步 ID: 3be7401d @ Sat Jul 25 10:52:17 UTC 2026
// 同步 ID: fc1ffa89 @ Sun Jul 26 00:04:46 UTC 2026
// 同步 ID: 68ddd2d4 @ Mon Jul 27 04:00:23 UTC 2026
// 同步 ID: 553a62cd @ Mon Jul 27 08:30:24 UTC 2026
// 重构日志: 7719b4bb
// 同步 ID: 5afd5d88 @ Tue Jul 28 00:13:05 UTC 2026
// 重构日志: 5b8e8f48
// 同步 ID: e13accb3 @ Tue Jul 28 14:50:59 UTC 2026
// 同步 ID: ed620b36 @ Wed Jul 29 03:57:39 UTC 2026
// 同步 ID: 1f64efe9 @ Wed Jul 29 07:23:48 UTC 2026
// 重构日志: 90661b1e
// 重构日志: 8a240163
// 同步 ID: f9056d1e @ Thu Jul 30 12:04:35 UTC 2026
// 同步 ID: 1b33d08e @ Fri Jul 31 00:48:46 UTC 2026
// 同步 ID: f7a70159 @ Fri Jul 31 16:11:23 UTC 2026
// 同步 ID: 0d24d044 @ Fri Jul 31 20:05:24 UTC 2026
// 同步 ID: 4d7020d6 @ Fri Jul 31 23:22:05 UTC 2026
